// Jest Snapshot v1, https://goo.gl/fbAQLP

exports[`the HomePage component should match the snapshot 1`] = `
<div>
  <div>
    <h2>
      Home Page
    </h2>
  </div>
</div>
`;
