// Jest Snapshot v1, https://goo.gl/fbAQLP

exports[`the Card component should match the snapshot 1`] = `
<div>
  <div
    class="sc-gtssRu PuCqs"
  >
    <h2
      class="sc-bdnylx gpJKAy"
    >
      testTitle
    </h2>
    <ul
      class="sc-dlnjPT cQMtRp"
    >
      <li
        class="sc-hKFyIo igLYdx"
      >
        link1
      </li>
      <li
        class="sc-hKFyIo igLYdx"
      >
        link2
      </li>
    </ul>
  </div>
</div>
`;
