// Jest Snapshot v1, https://goo.gl/fbAQLP

exports[`the Accordion component should match the snapshot 1`] = `
.c1 {
  padding: 0 1%;
}

.c0 {
  display: -webkit-box;
  display: -webkit-flex;
  display: -ms-flexbox;
  display: flex;
  -webkit-flex-direction: row;
  -ms-flex-direction: row;
  flex-direction: row;
  width: 100%;
}

.c2 {
  -webkit-transform: rotate(0);
  -ms-transform: rotate(0);
  transform: rotate(0);
  margin-top: 10px;
  width: 0;
  height: 0;
  border-top: 10px solid transparent;
  border-left: 10px solid black;
  border-bottom: 10px solid transparent;
}

<div>
  <div
    class="c0"
  >
    <div
      class="c1"
    >
      <div
        class="c2"
        data-testid="chevron"
      />
    </div>
    <div
      class="c1"
    >
      title
      <p
        data-testid="arrowText"
      >
        Click the arrow to show more things you can do.
      </p>
    </div>
  </div>
</div>
`;
