// Jest Snapshot v1, https://goo.gl/fbAQLP

exports[`the FlashCardsSection component should match the snapshot 1`] = `
.c0 {
  background: inherit;
  margin: 0;
  padding: 0;
  width: 100%;
  display: -webkit-box;
  display: -webkit-flex;
  display: -ms-flexbox;
  display: flex;
  -webkit-flex-direction: column;
  -ms-flex-direction: column;
  flex-direction: column;
  -webkit-box-pack: justify;
  -webkit-justify-content: space-between;
  -ms-flex-pack: justify;
  justify-content: space-between;
}

.c1 {
  -webkit-flex: 1;
  -ms-flex: 1;
  flex: 1;
  margin: 0 16.7%;
  background: inherit;
  display: -webkit-box;
  display: -webkit-flex;
  display: -ms-flexbox;
  display: flex;
  -webkit-flex-wrap: wrap;
  -ms-flex-wrap: wrap;
  flex-wrap: wrap;
  -webkit-column-gap: 1.4375rem;
  column-gap: 1.4375rem;
  row-gap: 1.4375rem;
}

.c2 {
  background-color: #FFD666;
  width: 13.875rem;
  height: 2.625rem;
  font-size: 1rem;
  -webkit-align-self: flex-end;
  -ms-flex-item-align: end;
  align-self: flex-end;
  margin: 3.375rem 16.7%;
  box-shadow: 0px 2px 0px rgba(0,0,0,0.043);
  border-radius: 2px;
  outline: none;
  border: none;
}

.c2:hover {
  opacity: 0.8;
}

.c2:active {
  opacity: 1;
}

<div>
  <section
    class="c0"
  >
    <div
      class="c1"
    >
      <div>
        flash card 
        random title
      </div>
    </div>
    <button
      class="c2"
    >
      Next
    </button>
  </section>
</div>
`;
