// Jest Snapshot v1, https://goo.gl/fbAQLP

exports[`the FooterImageLink component should match the snapshot 1`] = `
<div>
  <div
    class="sc-hKFyIo hFbDqY"
  >
    <span
      class="sc-eCApGN byfgNG"
    />
    <span
      class="sc-eCApGN byfgNG"
    />
    <span
      class="sc-eCApGN byfgNG"
    />
    <p />
  </div>
</div>
`;
