// Jest Snapshot v1, https://goo.gl/fbAQLP

exports[`the Footer component should match the snapshot 1`] = `
.c3 {
  font-weight: bold;
}

.c2 {
  padding: 1rem;
  margin: 2rem 0;
}

.c4 {
  list-style-type: none;
  padding: 0;
}

.c5 {
  -webkit-text-decoration-line: underline;
  text-decoration-line: underline;
}

.c7 {
  height: 2.5rem;
  width: 2.5rem;
  background-color: #bbb;
  border-radius: 50%;
  display: inline-block;
  margin: 0.5rem;
}

.c6 {
  display: -webkit-box;
  display: -webkit-flex;
  display: -ms-flexbox;
  display: flex;
  padding: 1rem;
  margin: 2rem 0;
}

.c1 {
  display: -webkit-box;
  display: -webkit-flex;
  display: -ms-flexbox;
  display: flex;
  -webkit-flex-direction: row;
  -ms-flex-direction: row;
  flex-direction: row;
  -webkit-box-pack: space-evenly;
  -webkit-justify-content: space-evenly;
  -ms-flex-pack: space-evenly;
  justify-content: space-evenly;
}

.c0 {
  background: #f0f0f0;
  margin: 0;
  min-height: 5%;
}

@media (max-width:576px) {
  .c2 {
    width: 75%;
    padding: 0;
    margin: 0;
    -webkit-order: 2;
    -ms-flex-order: 2;
    order: 2;
  }
}

@media (max-width:576px) {
  .c6 {
    -webkit-order: 1;
    -ms-flex-order: 1;
    order: 1;
  }
}

@media (max-width:576px) {
  .c1 {
    -webkit-flex-direction: column;
    -ms-flex-direction: column;
    flex-direction: column;
    -webkit-align-items: center;
    -webkit-box-align: center;
    -ms-flex-align: center;
    align-items: center;
  }
}

<div>
  <section
    class="c0"
  >
    <div
      class="c1"
    >
      <div
        class="c2"
      >
        <h2
          class="c3"
        >
          Lebanon Relief Network
        </h2>
        <ul
          class="c4"
        >
          <li
            class="c5"
          >
            Terms & Conditions
          </li>
          <li
            class="c5"
          >
            Privacy policy
          </li>
        </ul>
      </div>
      <div
        class="c2"
      >
        <h2
          class="c3"
        >
          About us
        </h2>
        <ul
          class="c4"
        >
          <li
            class="c5"
          >
            What we do
          </li>
          <li
            class="c5"
          >
            Contact us
          </li>
        </ul>
      </div>
      <div
        class="c2"
      >
        <h2
          class="c3"
        >
          Partnerships
        </h2>
        <ul
          class="c4"
        >
          <li
            class="c5"
          >
            How to partner with us
          </li>
          <li
            class="c5"
          >
            Working with us
          </li>
        </ul>
      </div>
      <div
        class="c6"
      >
        <span
          class="c7"
        />
        <span
          class="c7"
        />
        <span
          class="c7"
        />
      </div>
    </div>
  </section>
</div>
`;
