// Jest Snapshot v1, https://goo.gl/fbAQLP

exports[`the FooterLink component should match the snapshot 1`] = `
.c1 {
  font-weight: bold;
}

.c0 {
  padding: 1rem;
  margin: 2rem 0;
}

.c2 {
  list-style-type: none;
  padding: 0;
}

.c3 {
  -webkit-text-decoration-line: underline;
  text-decoration-line: underline;
}

@media (max-width:576px) {
  .c0 {
    width: 75%;
    padding: 0;
    margin: 0;
    -webkit-order: 2;
    -ms-flex-order: 2;
    order: 2;
  }
}

<div>
  <div
    class="c0"
  >
    <h2
      class="c1"
    >
      testTitle
    </h2>
    <ul
      class="c2"
    >
      <li
        class="c3"
      >
        <a
          rel="noopener noreferrer"
          style="text-decoration: none;"
          target="_blank"
        />
      </li>
      <li
        class="c3"
      >
        <a
          rel="noopener noreferrer"
          style="text-decoration: none;"
          target="_blank"
        />
      </li>
    </ul>
  </div>
</div>
`;
