// Jest Snapshot v1, https://goo.gl/fbAQLP

exports[`the TraumaticEvents component should match the snapshot 1`] = `
.c9 {
  margin-right: 20px;
}

.c11 {
  font-family: Raleway;
  font-size: 60px;
  font-style: normal;
  font-weight: 800;
  line-height: 46px;
  -webkit-letter-spacing: 0em;
  -moz-letter-spacing: 0em;
  -ms-letter-spacing: 0em;
  letter-spacing: 0em;
  text-align: left;
  margin-right: 2%;
}

.c12 {
  width: 60%;
  font-family: Raleway;
  font-size: 16px;
  font-style: normal;
  font-weight: 400;
  line-height: 24px;
  -webkit-letter-spacing: 0em;
  -moz-letter-spacing: 0em;
  -ms-letter-spacing: 0em;
  letter-spacing: 0em;
  text-align: left;
}

.c10 {
  display: -webkit-box;
  display: -webkit-flex;
  display: -ms-flexbox;
  display: flex;
}

.c7 {
  display: -webkit-box;
  display: -webkit-flex;
  display: -ms-flexbox;
  display: flex;
  -webkit-flex-direction: column;
  -ms-flex-direction: column;
  flex-direction: column;
  -webkit-flex-wrap: wrap;
  -ms-flex-wrap: wrap;
  flex-wrap: wrap;
}

.c4 {
  display: -webkit-box;
  display: -webkit-flex;
  display: -ms-flexbox;
  display: flex;
  -webkit-flex-direction: column;
  -ms-flex-direction: column;
  flex-direction: column;
  -webkit-flex: 1;
  -ms-flex: 1;
  flex: 1;
  z-index: 2;
  background-color: transparent;
  -webkit-box-pack: center;
  -webkit-justify-content: center;
  -ms-flex-pack: center;
  justify-content: center;
  position: absolute;
  -webkit-align-items: flex-start;
  -webkit-box-align: flex-start;
  -ms-flex-align: flex-start;
  align-items: flex-start;
  height: 363px;
  width: 100%;
}

.c5 {
  display: -webkit-box;
  display: -webkit-flex;
  display: -ms-flexbox;
  display: flex;
  -webkit-flex-direction: column;
  -ms-flex-direction: column;
  flex-direction: column;
  background-color: transparent;
  margin-left: 16.7%;
  max-width: 765px;
}

.c1 {
  display: -webkit-box;
  display: -webkit-flex;
  display: -ms-flexbox;
  display: flex;
  -webkit-flex: 1;
  -ms-flex: 1;
  flex: 1;
  z-index: 1;
  -webkit-box-pack: justify;
  -webkit-justify-content: space-between;
  -ms-flex-pack: justify;
  justify-content: space-between;
}

.c2 {
  display: -webkit-box;
  display: -webkit-flex;
  display: -ms-flexbox;
  display: flex;
  -webkit-flex: 1;
  -ms-flex: 1;
  flex: 1;
  -webkit-box-pack: start;
  -webkit-justify-content: flex-start;
  -ms-flex-pack: start;
  justify-content: flex-start;
  -webkit-align-items: center;
  -webkit-box-align: center;
  -ms-flex-align: center;
  align-items: center;
}

.c3 {
  display: -webkit-box;
  display: -webkit-flex;
  display: -ms-flexbox;
  display: flex;
  -webkit-flex: 1;
  -ms-flex: 1;
  flex: 1;
  -webkit-box-pack: end;
  -webkit-justify-content: flex-end;
  -ms-flex-pack: end;
  justify-content: flex-end;
  -webkit-align-items: center;
  -webkit-box-align: center;
  -ms-flex-align: center;
  align-items: center;
}

.c0 {
  display: -webkit-box;
  display: -webkit-flex;
  display: -ms-flexbox;
  display: flex;
  background: #002766;
  margin: 0;
  margin-top: 64px;
  padding: 0;
  width: 100%;
  height: 363px;
  z-index: 0;
}

.c6 {
  font-weight: bold;
  font-size: 38px;
  margin: 0;
  width: inherit;
  color: #ffffff;
}

.c8 {
  margin: 0;
  margin-bottom: 1rem;
  font-size: 16px;
  color: #ffffff;
}

@media (max-width:576px) {
  .c4 {
    margin-top: 20px;
    height: 371px;
  }
}

@media (max-width:576px) {
  .c5 {
    margin-left: 18px;
  }
}

@media (max-width:1025px) {
  .c2 {
    display: none;
  }
}

@media (max-width:1025px) {
  .c3 {
    display: none;
  }
}

@media (max-width:576px) {
  .c0 {
    height: 416px;
  }
}

<div>
  <div
    class="c0"
  >
    <div
      class="c1"
    >
      <div
        class="c2"
      >
        <img
          alt="background"
          src="ResultsPageLeftBackground.svg"
        />
      </div>
      <div
        class="c3"
      >
        <img
          alt="background"
          src="ResultsPageRightBackground.svg"
        />
      </div>
    </div>
    <div
      class="c4"
    >
      <div
        class="c5"
      >
        <h2
          class="c6"
        >
          From the experiences you've shared...
        </h2>
        <div
          class="c7"
        >
          <div
            class="c8"
          >
            We have pulled together some tailored advice and exercises to help you cope with trauma and how you are feeling.
          </div>
          <div
            class="c8"
          >
            <img
              alt="Filled Person"
              class="c9"
              data-testid="resultsPercentage_image_0"
              src="FilledPerson.svg"
            />
            <img
              alt="Filled Person"
              class="c9"
              data-testid="resultsPercentage_image_1"
              src="FilledPerson.svg"
            />
            <img
              alt="Filled Person"
              class="c9"
              data-testid="resultsPercentage_image_2"
              src="FilledPerson.svg"
            />
            <img
              alt="Filled Person"
              class="c9"
              data-testid="resultsPercentage_image_3"
              src="FilledPerson.svg"
            />
            <img
              alt="Filled Person"
              class="c9"
              data-testid="resultsPercentage_image_4"
              src="FilledPerson.svg"
            />
            <img
              alt="Filled Person"
              class="c9"
              data-testid="resultsPercentage_image_5"
              src="FilledPerson.svg"
            />
            <img
              alt="Filled Person"
              class="c9"
              data-testid="resultsPercentage_image_6"
              src="FilledPerson.svg"
            />
            <img
              alt="Filled Person"
              class="c9"
              data-testid="resultsPercentage_image_7"
              src="FilledPerson.svg"
            />
            <img
              alt="Empty Person"
              class="c9"
              data-testid="resultsPercentage_image_8"
              src="EmptyPerson.svg"
            />
            <img
              alt="Empty Person"
              class="c9"
              data-testid="resultsPercentage_image_9"
              src="EmptyPerson.svg"
            />
          </div>
          <div
            class="c8"
          >
            <div
              class="c10"
            >
              <div
                class="c11"
              >
                76
                %
              </div>
              <div
                class="c12"
              >
                of people affected by this experience feel like ictum nullam ligula lorem ut vitae. Purus blandit imperdiet nibh amet.
              </div>
            </div>
          </div>
        </div>
      </div>
    </div>
  </div>
</div>
`;
