// Jest Snapshot v1, https://goo.gl/fbAQLP

exports[`the ResultsSection component should match the snapshot 1`] = `
.c14 {
  box-shadow: 0 0px 8px 0 rgba(0,0,0,0.2);
  -webkit-transition: 0.3s;
  transition: 0.3s;
  Offset: 0px,1px rgba(0,0,0,0.25) border-radius:10px;
  padding: 6px;
  margin: 10px;
}

.c12 {
  margin-left: 10px;
  font-weight: bold;
}

.c13 {
  margin: 10px;
  font-size: 16px;
}

.c7 {
  display: -webkit-box;
  display: -webkit-flex;
  display: -ms-flexbox;
  display: flex;
  width: auto;
  height: 100%;
  z-index: 1;
  position: absolute;
  -webkit-flex-direction: column;
  -ms-flex-direction: column;
  flex-direction: column;
  overflow: auto;
}

.c6 {
  display: -webkit-box;
  display: -webkit-flex;
  display: -ms-flexbox;
  display: flex;
  width: 100%;
  height: 100%;
  z-index: 0;
  border-left: 6px solid rgba(255,197,61,0.2);
  position: absolute;
}

.c5 {
  width: 100%;
  max-width: 270px;
  height: 100%;
  position: relative;
  display: -webkit-box;
  display: -webkit-flex;
  display: -ms-flexbox;
  display: flex;
}

.c4 {
  display: -webkit-box;
  display: -webkit-flex;
  display: -ms-flexbox;
  display: flex;
  -webkit-flex: 1;
  -ms-flex: 1;
  flex: 1;
}

.c10 {
  display: -webkit-box;
  display: -webkit-flex;
  display: -ms-flexbox;
  display: flex;
  -webkit-flex-direction: column;
  -ms-flex-direction: column;
  flex-direction: column;
  width: 100%;
  height: 100%;
}

.c11 {
  height: 100px;
  width: 244px;
  margin: 10px;
}

.c8 {
  color: #002766;
  font-weight: bold;
  font-size: 24px;
  min-width: 270px;
  text-align: left;
  padding-left: 24px;
  padding-top: 30px;
  padding-bottom: 30px;
  background: none;
  border: none;
  border-left: solid;
  border-left-color: #FFC53D;
  border-left-width: 6px;
  cursor: pointer;
  outline: inherit;
}

.c9 {
  opacity: 0.3;
  border-left-color: transparent;
}

.c3 {
  display: -webkit-box;
  display: -webkit-flex;
  display: -ms-flexbox;
  display: flex;
  -webkit-flex-direction: row;
  -ms-flex-direction: row;
  flex-direction: row;
  -webkit-box-pack: justify;
  -webkit-justify-content: space-between;
  -ms-flex-pack: justify;
  justify-content: space-between;
  min-height: 652px;
  width: 960px;
  max-width: 100%;
}

.c1 {
  width: 60%;
  min-height: 730px;
  padding-top: 2rem;
  padding-bottom: 2rem;
  margin: 0 16.7%;
  background: inherit;
}

.c0 {
  background: #ffffff;
  margin: 0;
  padding: 0;
  width: 100%;
}

.c2 {
  font-family: Playfair Display;
  font-style: normal;
  font-weight: bold;
  font-size: 24px;
  line-height: 38px;
  margin: 25px 18px;
}

@media (max-width:1025px) {
  .c7 {
    -webkit-flex-direction: row;
    -ms-flex-direction: row;
    flex-direction: row;
    padding: 0 16px;
    white-space: nowrap;
  }
}

@media (max-width:1025px) {
  .c6 {
    border: none;
    width: 1000px;
    border-top: 4px solid rgba(255,197,61,0.2);
  }
}

@media (max-width:1025px) {
  .c5 {
    max-width: 100%;
    width: auto;
    height: 78px;
    overflow: auto;
  }
}

@media (max-width:1025px) {
  .c4 {
    -webkit-flex-direction: column;
    -ms-flex-direction: column;
    flex-direction: column;
  }
}

@media (max-width:1025px) {
  .c10 {
    max-width: 100%;
  }
}

@media (max-width:1025px) {
  .c8 {
    border: none;
    border-top: 4px solid #FFC53D;
    max-width: 100%;
    padding: 0;
    min-width: auto;
    margin-right: 30px;
  }
}

@media (max-width:1025px) {
  .c9 {
    opacity: 0.3;
    border-top: 4px solid transparent;
    max-width: 100%;
    padding: 0;
  }
}

@media (max-width:1025px) {
  .c1 {
    padding-top: 0px;
    padding-bottom: 0px;
    width: 80%;
    margin: 0 10%;
  }
}

@media (max-width:576px) {
  .c1 {
    margin: 0;
    padding-top: 0px;
    padding-bottom: 0px;
    width: 100%;
  }
}

<div>
  <section
    class="c0"
  >
    <div
      class="c1"
      id="wrapper"
    >
      <h2
        class="c2"
      >
        Here are some things that can help
      </h2>
      <div
        class="c3"
        id="content"
      >
        <div
          class="c4"
        >
          <h1
            class="c5"
          >
            <div
              class="c6"
            />
            <div
              class="c7"
            >
              <button
                class="c8"
                data-testid="flashcardTitleButton_0"
              >
                test title
              </button>
              <button
                class="c8 c9"
                data-testid="flashcardTitleButton_1"
              >
                test title
              </button>
              <button
                class="c8 c9"
                data-testid="flashcardTitleButton_2"
              >
                test title
              </button>
            </div>
          </h1>
          <div
            class="c10"
          >
            <img
              class="c11"
              src="feeling-guilty.svg"
            />
            <h1
              class="c12"
            >
              Feeling Guilty
            </h1>
            <p
              class="c13"
            />
            <div
              class="c14"
            >
              <div
                id="result card"
              >
                <h4
                  style="margin: 10px; font-size: 20px;"
                >
                  <b>
                    Allow yourself to feel
                  </b>
                </h4>
                <p
                  style="margin: 10px; font-size: 16px;"
                >
                  It can be helpful for you to accept the feelings that surface by allowing yourself time to process the guilt. This could be achieved by accepting that you are not in control of the event; acknowledging  how you reacted at the time of the event; and understanding that you acted to the best of your ability.
                </p>
              </div>
            </div>
            <div
              class="c14"
            >
              <div
                id="result card"
              >
                <h4
                  style="margin: 10px; font-size: 20px;"
                >
                  <b>
                    Talk about it
                  </b>
                </h4>
                <p
                  style="margin: 10px; font-size: 16px;"
                >
                  Share your experience, thoughts, and feelings. It's important that you only do so when you feel ready to. This can be a gradual process. Take your time and do it at whatever pace feels comfortable for you.
                </p>
              </div>
            </div>
            <div
              class="c14"
            >
              <div
                id="result card"
              >
                <h4
                  style="margin: 10px; font-size: 20px;"
                >
                  <b>
                    Try these excercises
                  </b>
                </h4>
                <p
                  style="margin: 10px; font-size: 16px;"
                >
                  Lorem ipsum...
                </p>
              </div>
            </div>
          </div>
        </div>
      </div>
    </div>
  </section>
</div>
`;
