// Jest Snapshot v1, https://goo.gl/fbAQLP

exports[`the UsefulTipsSection component should match the snapshot 1`] = `
.c0 {
  width: 60%;
  min-width: 960px;
  min-height: 730px;
  padding-top: 2rem;
  padding-bottom: 2rem;
  margin: 0 16.7%;
  background: inherit;
}

.c1 {
  display: -webkit-box;
  display: -webkit-flex;
  display: -ms-flexbox;
  display: flex;
  background: #fafafa;
  border-radius: 8px;
  padding: 5%;
}

.c2 {
  font-family: Playfair Display;
  font-style: normal;
  font-weight: bold;
  font-size: 30px;
  line-height: 38px;
}

@media (max-width:576px) {
  .c0 {
    margin: 25px 18px;
    padding-top: 0px;
    padding-bottom: 0px;
    width: auto;
  }
}

@media (max-widthL 576px) {
  .c1 {
    -webkit-flex-direction: column;
    -ms-flex-direction: column;
    flex-direction: column;
  }
}

<div>
  <div
    class="c0"
  >
    <div
      class="c1"
    >
      <div>
        <h2
          class="c2"
        >
          A few more useful tips
        </h2>
      </div>
      <div>
        <img
          alt="Person Taking Care"
          src="PersonTakingCare.svg"
        />
      </div>
    </div>
  </div>
</div>
`;
